// Jest Snapshot v1, https://goo.gl/fbAQLP

exports[`Title component tests should match screen elements 1`] = `
<div>
  <h1
    data-testid="test-title"
  >
    title
  </h1>
  <h2>
    subtitulo no disponible
  </h2>
</div>
`;

exports[`Title component tests should match snapshot 1`] = `
<div>
  <h1
    data-testid="test-title"
  >
    title
  </h1>
  <h2>
    subtitulo no disponible
  </h2>
</div>
`;

exports[`Title component tests should match with snapshot 1`] = `
<div>
  <h1
    data-testid="test-title"
  >
    title
  </h1>
  <h2>
    subtitulo no disponible
  </h2>
</div>
`;

exports[`Title component tests should show test-element 1`] = `
<div>
  <h1
    data-testid="test-title"
  >
    title
  </h1>
  <h2>
    subtitulo no disponible
  </h2>
</div>
`;

exports[`Title screen component tests should match snapshot 1`] = `
<div>
  <h1
    data-testid="test-title"
  >
    title
  </h1>
  <h2>
    subtitulo no disponible
  </h2>
</div>
`;
